// Jest Snapshot v1, https://goo.gl/fbAQLP

exports[`Header renders with all listing info data 1`] = `
<div
  className="flex items-center  text-gray-700 justify-between"
>
  <div>
    <p
      className="flex items-center text-sm text-gray-500"
    >
       
      <button
        className="hover:underline"
      >
        Listings
      </button>
       
      <svg
        className="inline m-0"
        fill="currentColor"
        height="1em"
        stroke="currentColor"
        strokeWidth="0"
        style={
          Object {
            "color": undefined,
          }
        }
        viewBox="0 0 512 512"
        width="1em"
        xmlns="http://www.w3.org/2000/svg"
      >
        <path
          d="M184 112l144 144-144 144"
          fill="none"
          strokeLinecap="round"
          strokeLinejoin="round"
          strokeWidth="48"
        />
      </svg>
      Details
    </p>
    <p
      className="text-3xl font-medium"
      id="header-title"
    >
      Simpsons Residence
    </p>
    <p
      className="text-gray-500 "
      id="header-street"
    >
      742 Evergreen Terrace
      <span
        className="text-gray-500"
        id="header-city"
      >
         Â· 
        Springfield
      </span>
    </p>
  </div>
  <div
    className="flex flex-col items-end"
  >
    <div
      className=""
      style={
        Object {
          "display": "inline",
        }
      }
    >
      <div
        className="flex items-center gap-2 cursor-pointer"
      >
        <svg
          className="text-red-400 text-xl"
          fill="currentColor"
          height="1em"
          stroke="currentColor"
          strokeWidth="0"
          style={
            Object {
              "color": undefined,
            }
          }
          viewBox="0 0 20 20"
          width="1em"
          xmlns="http://www.w3.org/2000/svg"
        >
          <path
            d="M9.049 2.927c.3-.921 1.603-.921 1.902 0l1.07 3.292a1 1 0 00.95.69h3.462c.969 0 1.371 1.24.588 1.81l-2.8 2.034a1 1 0 00-.364 1.118l1.07 3.292c.3.921-.755 1.688-1.54 1.118l-2.8-2.034a1 1 0 00-1.175 0l-2.8 2.034c-.784.57-1.838-.197-1.539-1.118l1.07-3.292a1 1 0 00-.364-1.118L2.98 8.72c-.783-.57-.38-1.81.588-1.81h3.461a1 1 0 00.951-.69l1.07-3.292z"
          />
        </svg>
        <p
          className="text-gray-600 font-medium text-2xl hover:text-red-400"
        >
          -
        </p>
      </div>
    </div>
    <a
      onClick={[Function]}
    >
      <p
        className="text-sm text-gray-500 hover:text-red-400 cursor-pointer"
        id="header-reviews"
      >
        0
         reviews
      </p>
    </a>
  </div>
</div>
`;
