// Jest Snapshot v1, https://goo.gl/fbAQLP

exports[`LoginButton renders with minimal props 1`] = `
<button
  aria-label="Submit"
  className="items-center flex justify-center w-full px-4 py-2 text-sm bg-red-300 border border-transparent rounded-lg hover:bg-red-500 focus:outline-none focus-visible:ring-2 focus-visible:ring-offset-2 focus-visible:ring-blue-500"
  type="submit"
>
  <div
    className="flex-1"
  >
    Submit
  </div>
  <svg
    className="text-lg"
    fill="currentColor"
    height="1em"
    stroke="currentColor"
    strokeWidth="0"
    style={
      Object {
        "color": undefined,
      }
    }
    viewBox="0 0 1024 1024"
    width="1em"
    xmlns="http://www.w3.org/2000/svg"
  >
    <path
      d="M869 487.8L491.2 159.9c-2.9-2.5-6.6-3.9-10.5-3.9h-88.5c-7.4 0-10.8 9.2-5.2 14l350.2 304H152c-4.4 0-8 3.6-8 8v60c0 4.4 3.6 8 8 8h585.1L386.9 854c-5.6 4.9-2.2 14 5.2 14h91.5c1.9 0 3.8-.7 5.2-2L869 536.2a32.07 32.07 0 0 0 0-48.4z"
    />
  </svg>
</button>
`;

exports[`LoginButton renders with provided text 1`] = `
<button
  aria-label="Submit"
  className="items-center flex justify-center w-full px-4 py-2 text-sm bg-red-300 border border-transparent rounded-lg hover:bg-red-500 focus:outline-none focus-visible:ring-2 focus-visible:ring-offset-2 focus-visible:ring-blue-500"
  type="submit"
>
  <div
    className="flex-1"
  >
    Submit
  </div>
  <svg
    className="text-lg"
    fill="currentColor"
    height="1em"
    stroke="currentColor"
    strokeWidth="0"
    style={
      Object {
        "color": undefined,
      }
    }
    viewBox="0 0 1024 1024"
    width="1em"
    xmlns="http://www.w3.org/2000/svg"
  >
    <path
      d="M869 487.8L491.2 159.9c-2.9-2.5-6.6-3.9-10.5-3.9h-88.5c-7.4 0-10.8 9.2-5.2 14l350.2 304H152c-4.4 0-8 3.6-8 8v60c0 4.4 3.6 8 8 8h585.1L386.9 854c-5.6 4.9-2.2 14 5.2 14h91.5c1.9 0 3.8-.7 5.2-2L869 536.2a32.07 32.07 0 0 0 0-48.4z"
    />
  </svg>
</button>
`;
